// Jest Snapshot v1, https://goo.gl/fbAQLP

exports[`Tests in AddCategory component Must to show itself correctly 1`] = `
<form
  onSubmit={[Function]}
>
  <input
    onChange={[Function]}
    type="text"
    value=""
  />
</form>
`;
