// Jest Snapshot v1, https://goo.gl/fbAQLP

exports[`Testing GifGrid component Must to show itself correctly 1`] = `
<Fragment>
  <h3>
    Category
  </h3>
  <p>
    Loading
  </p>
  <div
    className="card-grid"
  >
    <ol />
  </div>
</Fragment>
`;
